[INFO] Scanning for projects...
[INFO] 
[INFO] ------------------------< com.jpmc:midas-core >-------------------------
[INFO] Building midas-core 1.0.0
[INFO] --------------------------------[ jar ]---------------------------------
[INFO] 
[INFO] --- maven-resources-plugin:3.3.1:resources (default-resources) @ midas-core ---
[INFO] skip non existing resourceDirectory /Users/blay/Desktop/blay-forage-midas/src/main/resources
[INFO] skip non existing resourceDirectory /Users/blay/Desktop/blay-forage-midas/src/main/resources
[INFO] 
[INFO] --- maven-compiler-plugin:3.11.0:compile (default-compile) @ midas-core ---
[INFO] Nothing to compile - all classes are up to date
[INFO] 
[INFO] --- maven-resources-plugin:3.3.1:testResources (default-testResources) @ midas-core ---
[INFO] Copying 5 resources from src/test/resources to target/test-classes
[INFO] 
[INFO] --- maven-compiler-plugin:3.11.0:testCompile (default-testCompile) @ midas-core ---
[INFO] Nothing to compile - all classes are up to date
[INFO] 
[INFO] --- maven-surefire-plugin:3.1.2:test (default-test) @ midas-core ---
[INFO] Using auto detected provider org.apache.maven.surefire.junitplatform.JUnitPlatformProvider
[INFO] 
[INFO] -------------------------------------------------------
[INFO]  T E S T S
[INFO] -------------------------------------------------------
[INFO] Running com.jpmc.midascore.TaskThreeTests
11:00:22.513 [main] INFO org.springframework.test.context.support.AnnotationConfigContextLoaderUtils -- Could not detect default configuration classes for test class [com.jpmc.midascore.TaskThreeTests]: TaskThreeTests does not declare any static, non-private, non-final, nested classes annotated with @Configuration.
11:00:22.562 [main] INFO org.springframework.boot.test.context.SpringBootTestContextBootstrapper -- Found @SpringBootConfiguration com.jpmc.midascore.MidasCoreApplication for test class com.jpmc.midascore.TaskThreeTests

  .   ____          _            __ _ _
 /\\ / ___'_ __ _ _(_)_ __  __ _ \ \ \ \
( ( )\___ | '_ | '_| | '_ \/ _` | \ \ \ \
 \\/  ___)| |_)| | | | | || (_| |  ) ) ) )
  '  |____| .__|_| |_|_| |_\__, | / / / /
 =========|_|==============|___/=/_/_/_/
 :: Spring Boot ::                (v3.2.5)

2025-06-20T11:00:23.049-07:00  INFO 9546 --- [           main] k.utils.Log4jControllerRegistration$     : Registered kafka:type=kafka.Log4jController MBean
2025-06-20T11:00:23.064-07:00  INFO 9546 --- [           main] org.apache.zookeeper.common.X509Util     : Setting -D jdk.tls.rejectClientInitiatedRenegotiation=true to disable client-initiated TLS renegotiation
2025-06-20T11:00:23.129-07:00  INFO 9546 --- [-kit-executor-1] kafka.server.ControllerServer            : Formatting /var/folders/75/jtzvphp97m3c952tknqr_8th0000gn/T/kafka-5912628426971629695/controller_0 with metadata.version 3.3-IV0.
2025-06-20T11:00:23.130-07:00  INFO 9546 --- [-kit-executor-3] kafka.server.BrokerServer                : [BrokerServer id=0] Transition from SHUTDOWN to STARTING
2025-06-20T11:00:23.130-07:00  INFO 9546 --- [-kit-executor-2] kafka.server.ControllerServer            : [ControllerServer id=0] Starting controller
2025-06-20T11:00:23.130-07:00  INFO 9546 --- [-kit-executor-3] kafka.server.SharedServer                : [SharedServer id=0] Starting SharedServer
2025-06-20T11:00:23.140-07:00  INFO 9546 --- [-kit-executor-2] o.a.k.s.network.EndpointReadyFutures     : authorizerStart completed for endpoint CONTROLLER. Endpoint is now READY.
2025-06-20T11:00:23.178-07:00  INFO 9546 --- [-kit-executor-3] kafka.log.UnifiedLog$                    : [LogLoader partition=__cluster_metadata-0, dir=/var/folders/75/jtzvphp97m3c952tknqr_8th0000gn/T/kafka-5912628426971629695/controller_0] Loading producer state till offset 0 with message format version 2
2025-06-20T11:00:23.178-07:00  INFO 9546 --- [-kit-executor-3] kafka.log.UnifiedLog$                    : [LogLoader partition=__cluster_metadata-0, dir=/var/folders/75/jtzvphp97m3c952tknqr_8th0000gn/T/kafka-5912628426971629695/controller_0] Reloading from producer snapshot and rebuilding producer state from offset 0
2025-06-20T11:00:23.178-07:00  INFO 9546 --- [-kit-executor-3] kafka.log.UnifiedLog$                    : [LogLoader partition=__cluster_metadata-0, dir=/var/folders/75/jtzvphp97m3c952tknqr_8th0000gn/T/kafka-5912628426971629695/controller_0] Producer state recovery took 0ms for snapshot load and 0ms for segment recovery from offset 0
2025-06-20T11:00:23.198-07:00  INFO 9546 --- [-kit-executor-3] kafka.raft.KafkaMetadataLog$             : Initialized snapshots with IDs SortedSet() from /var/folders/75/jtzvphp97m3c952tknqr_8th0000gn/T/kafka-5912628426971629695/controller_0/__cluster_metadata-0
2025-06-20T11:00:23.215-07:00  INFO 9546 --- [piration-reaper] ExpirationService$ExpiredOperationReaper : [raft-expiration-reaper]: Starting
2025-06-20T11:00:23.234-07:00  INFO 9546 --- [-kit-executor-3] org.apache.kafka.raft.QuorumState        : [RaftManager id=0] Completed transition to Unattached(epoch=0, voters=[0], electionTimeoutMs=1296) from null
2025-06-20T11:00:23.238-07:00  INFO 9546 --- [-kit-executor-3] org.apache.kafka.raft.QuorumState        : [RaftManager id=0] Completed transition to CandidateState(localId=0, epoch=1, retries=1, voteStates={0=GRANTED}, highWatermark=Optional.empty, electionTimeoutMs=1358) from Unattached(epoch=0, voters=[0], electionTimeoutMs=1296)
2025-06-20T11:00:23.243-07:00  INFO 9546 --- [-kit-executor-3] org.apache.kafka.raft.QuorumState        : [RaftManager id=0] Completed transition to Leader(localId=0, epoch=1, epochStartOffset=0, highWatermark=Optional.empty, voterStates={0=ReplicaState(nodeId=0, endOffset=Optional.empty, lastFetchTimestamp=-1, lastCaughtUpTimestamp=-1, hasAcknowledgedLeader=true)}) from CandidateState(localId=0, epoch=1, retries=1, voteStates={0=GRANTED}, highWatermark=Optional.empty, electionTimeoutMs=1358)
2025-06-20T11:00:23.283-07:00  INFO 9546 --- [-kit-executor-2] kafka.network.ConnectionQuotas           : Updated connection-accept-rate max connection creation rate to 2147483647
2025-06-20T11:00:23.295-07:00  INFO 9546 --- [-kit-executor-2] kafka.network.DataPlaneAcceptor          : Awaiting socket connections on localhost:53065.
2025-06-20T11:00:23.296-07:00  INFO 9546 --- [-kit-executor-2] kafka.network.DataPlaneAcceptor          : Opened wildcard endpoint localhost:53065
2025-06-20T11:00:23.302-07:00  INFO 9546 --- [-kit-executor-2] kafka.network.SocketServer               : [SocketServer listenerType=CONTROLLER, nodeId=0] Created data-plane acceptor and processors for endpoint : ListenerName(CONTROLLER)
2025-06-20T11:00:23.304-07:00  INFO 9546 --- [-request-thread] kafka.raft.RaftSendThread                : [kafka-0-raft-outbound-request-thread]: Starting
2025-06-20T11:00:23.304-07:00  INFO 9546 --- [-raft-io-thread] k.raft.KafkaRaftManager$RaftIoThread     : [kafka-0-raft-io-thread]: Starting
2025-06-20T11:00:23.310-07:00  INFO 9546 --- [-raft-io-thread] org.apache.kafka.raft.LeaderState        : [RaftManager id=0] High watermark set to LogOffsetMetadata(offset=1, metadata=Optional[(segmentBaseOffset=0,relativePositionInSegment=91)]) for the first time for epoch 1 based on indexOfHw 0 and voters [ReplicaState(nodeId=0, endOffset=Optional[LogOffsetMetadata(offset=1, metadata=Optional[(segmentBaseOffset=0,relativePositionInSegment=91)])], lastFetchTimestamp=-1, lastCaughtUpTimestamp=-1, hasAcknowledgedLeader=true)]
2025-06-20T11:00:23.312-07:00  INFO 9546 --- [r-event-handler] o.a.kafka.image.loader.MetadataLoader    : [MetadataLoader id=0] initializeNewPublishers: The loader is still catching up because we have loaded up to offset -1, but the high water mark is 1
2025-06-20T11:00:23.313-07:00  INFO 9546 --- [-kit-executor-3] kafka.server.BrokerServer                : [BrokerServer id=0] Starting broker
2025-06-20T11:00:23.313-07:00  INFO 9546 --- [-kit-executor-2] kafka.server.ControllerServer            : [ControllerServer id=0] Waiting for controller quorum voters future
2025-06-20T11:00:23.313-07:00  INFO 9546 --- [-kit-executor-2] kafka.server.ControllerServer            : [ControllerServer id=0] Finished waiting for controller quorum voters future
2025-06-20T11:00:23.316-07:00  INFO 9546 --- [-raft-io-thread] org.apache.kafka.raft.KafkaRaftClient    : [RaftManager id=0] Registered the listener org.apache.kafka.image.loader.MetadataLoader@712981778
2025-06-20T11:00:23.320-07:00  INFO 9546 --- [r-event-handler] o.a.kafka.image.loader.MetadataLoader    : [MetadataLoader id=0] maybePublishMetadata(LOG_DELTA): The loader is still catching up because we have not loaded a controller record as of offset 0 and high water mark is 1
2025-06-20T11:00:23.320-07:00  INFO 9546 --- [nelReaper-Fetch] lientQuotaManager$ThrottledChannelReaper : [broker-0-ThrottledChannelReaper-Fetch]: Starting
2025-06-20T11:00:23.321-07:00  INFO 9546 --- [lReaper-Produce] lientQuotaManager$ThrottledChannelReaper : [broker-0-ThrottledChannelReaper-Produce]: Starting
2025-06-20T11:00:23.321-07:00  INFO 9546 --- [lReaper-Request] lientQuotaManager$ThrottledChannelReaper : [broker-0-ThrottledChannelReaper-Request]: Starting
2025-06-20T11:00:23.322-07:00  INFO 9546 --- [trollerMutation] lientQuotaManager$ThrottledChannelReaper : [broker-0-ThrottledChannelReaper-ControllerMutation]: Starting
2025-06-20T11:00:23.327-07:00  INFO 9546 --- [-kit-executor-2] o.a.kafka.controller.QuorumController    : [QuorumController id=0] Creating new QuorumController with clusterId DtNuwSsnRC6xHvNxI8Tbpg.
2025-06-20T11:00:23.327-07:00  INFO 9546 --- [-raft-io-thread] org.apache.kafka.raft.KafkaRaftClient    : [RaftManager id=0] Registered the listener org.apache.kafka.controller.QuorumController$QuorumMetaLogListener@680568836
2025-06-20T11:00:23.327-07:00  INFO 9546 --- [lReaper-Produce] lientQuotaManager$ThrottledChannelReaper : [controller-0-ThrottledChannelReaper-Produce]: Starting
2025-06-20T11:00:23.327-07:00  INFO 9546 --- [nelReaper-Fetch] lientQuotaManager$ThrottledChannelReaper : [controller-0-ThrottledChannelReaper-Fetch]: Starting
2025-06-20T11:00:23.327-07:00  INFO 9546 --- [lReaper-Request] lientQuotaManager$ThrottledChannelReaper : [controller-0-ThrottledChannelReaper-Request]: Starting
2025-06-20T11:00:23.327-07:00  INFO 9546 --- [trollerMutation] lientQuotaManager$ThrottledChannelReaper : [controller-0-ThrottledChannelReaper-ControllerMutation]: Starting
2025-06-20T11:00:23.328-07:00  INFO 9546 --- [0-event-handler] o.a.kafka.controller.QuorumController    : [QuorumController id=0] Becoming the active controller at epoch 1, next write offset 1.
2025-06-20T11:00:23.329-07:00  INFO 9546 --- [-kit-executor-3] kafka.log.LogManager                     : Log directory /var/folders/75/jtzvphp97m3c952tknqr_8th0000gn/T/kafka-5912628426971629695/broker_0_data0 not found, creating it.
2025-06-20T11:00:23.330-07:00  WARN 9546 --- [0-event-handler] o.a.kafka.controller.QuorumController    : [QuorumController id=0] Performing controller activation. The metadata log appears to be empty. Appending 1 bootstrap record(s) in metadata transaction at metadata.version 3.6-IV2 from bootstrap source 'testkit'. Setting the ZK migration state to NONE since this is a de-novo KRaft cluster.
2025-06-20T11:00:23.331-07:00  INFO 9546 --- [0-event-handler] o.a.k.controller.OffsetControlManager    : [QuorumController id=0] Replayed BeginTransactionRecord(name='Bootstrap records') at offset 1.
2025-06-20T11:00:23.331-07:00  INFO 9546 --- [0-event-handler] o.a.k.controller.FeatureControlManager   : [QuorumController id=0] Replayed a FeatureLevelRecord setting metadata version to 3.6-IV2
2025-06-20T11:00:23.331-07:00  INFO 9546 --- [0-event-handler] o.a.k.controller.OffsetControlManager    : [QuorumController id=0] Replayed EndTransactionRecord() at offset 4.
2025-06-20T11:00:23.335-07:00  INFO 9546 --- [-kit-executor-3] kafka.server.BrokerServer                : [BrokerServer id=0] Waiting for controller quorum voters future
2025-06-20T11:00:23.335-07:00  INFO 9546 --- [-kit-executor-3] kafka.server.BrokerServer                : [BrokerServer id=0] Finished waiting for controller quorum voters future
2025-06-20T11:00:23.336-07:00  INFO 9546 --- [per-0-AlterAcls] perationPurgatory$ExpiredOperationReaper : [ExpirationReaper-0-AlterAcls]: Starting
2025-06-20T11:00:23.338-07:00  INFO 9546 --- [channel-manager] k.s.BrokerToControllerRequestThread      : [broker-0-to-controller-forwarding-channel-manager]: Starting
2025-06-20T11:00:23.339-07:00  INFO 9546 --- [channel-manager] k.s.BrokerToControllerRequestThread      : [broker-0-to-controller-forwarding-channel-manager]: Recorded new controller, from now on will use node localhost:53065 (id: 0 rack: null)
2025-06-20T11:00:23.342-07:00  INFO 9546 --- [-kit-executor-2] kafka.server.ControllerServer            : [ControllerServer id=0] Waiting for the controller metadata publishers to be installed
2025-06-20T11:00:23.342-07:00  INFO 9546 --- [-kit-executor-2] kafka.server.ControllerServer            : [ControllerServer id=0] Finished waiting for the controller metadata publishers to be installed
2025-06-20T11:00:23.342-07:00  INFO 9546 --- [r-event-handler] o.a.kafka.image.loader.MetadataLoader    : [MetadataLoader id=0] initializeNewPublishers: The loader finished catching up to the current high water mark of 1
2025-06-20T11:00:23.342-07:00  INFO 9546 --- [-kit-executor-2] kafka.network.SocketServer               : [SocketServer listenerType=CONTROLLER, nodeId=0] Enabling request processing.
2025-06-20T11:00:23.345-07:00  INFO 9546 --- [-kit-executor-2] kafka.server.ControllerServer            : [ControllerServer id=0] Waiting for all of the authorizer futures to be completed
2025-06-20T11:00:23.345-07:00  INFO 9546 --- [-kit-executor-2] kafka.server.ControllerServer            : [ControllerServer id=0] Finished waiting for all of the authorizer futures to be completed
2025-06-20T11:00:23.345-07:00  INFO 9546 --- [-kit-executor-2] kafka.server.ControllerServer            : [ControllerServer id=0] Waiting for all of the SocketServer Acceptors to be started
2025-06-20T11:00:23.345-07:00  INFO 9546 --- [-kit-executor-2] kafka.server.ControllerServer            : [ControllerServer id=0] Finished waiting for all of the SocketServer Acceptors to be started
2025-06-20T11:00:23.346-07:00  INFO 9546 --- [r-event-handler] o.a.kafka.image.loader.MetadataLoader    : [MetadataLoader id=0] InitializeNewPublishers: initializing SnapshotGenerator with a snapshot at offset 0
2025-06-20T11:00:23.346-07:00  INFO 9546 --- [r-event-handler] o.a.kafka.image.loader.MetadataLoader    : [MetadataLoader id=0] InitializeNewPublishers: initializing FeaturesPublisher with a snapshot at offset 0
2025-06-20T11:00:23.346-07:00  INFO 9546 --- [r-event-handler] o.a.kafka.image.loader.MetadataLoader    : [MetadataLoader id=0] InitializeNewPublishers: initializing DynamicConfigPublisher controller id=0 with a snapshot at offset 0
2025-06-20T11:00:23.347-07:00  INFO 9546 --- [r-event-handler] o.a.kafka.image.loader.MetadataLoader    : [MetadataLoader id=0] InitializeNewPublishers: initializing DynamicClientQuotaPublisher controller id=0 with a snapshot at offset 0
2025-06-20T11:00:23.347-07:00  INFO 9546 --- [r-event-handler] o.a.kafka.image.loader.MetadataLoader    : [MetadataLoader id=0] InitializeNewPublishers: initializing ScramPublisher controller id=0 with a snapshot at offset 0
2025-06-20T11:00:23.348-07:00  INFO 9546 --- [r-event-handler] o.a.kafka.image.loader.MetadataLoader    : [MetadataLoader id=0] InitializeNewPublishers: initializing DelegationTokenPublisher controller id=0 with a snapshot at offset 0
2025-06-20T11:00:23.349-07:00  INFO 9546 --- [r-event-handler] o.a.kafka.image.loader.MetadataLoader    : [MetadataLoader id=0] InitializeNewPublishers: initializing ControllerMetadataMetricsPublisher with a snapshot at offset 0
2025-06-20T11:00:23.349-07:00  INFO 9546 --- [r-event-handler] o.a.kafka.image.loader.MetadataLoader    : [MetadataLoader id=0] InitializeNewPublishers: initializing AclPublisher controller id=0 with a snapshot at offset 0
2025-06-20T11:00:23.355-07:00  INFO 9546 --- [-kit-executor-3] kafka.network.ConnectionQuotas           : Updated connection-accept-rate max connection creation rate to 2147483647
2025-06-20T11:00:23.355-07:00  INFO 9546 --- [-kit-executor-3] kafka.network.DataPlaneAcceptor          : Awaiting socket connections on localhost:53066.
2025-06-20T11:00:23.355-07:00  INFO 9546 --- [-kit-executor-3] kafka.network.DataPlaneAcceptor          : Opened wildcard endpoint localhost:53066
2025-06-20T11:00:23.357-07:00  INFO 9546 --- [-kit-executor-3] kafka.network.SocketServer               : [SocketServer listenerType=BROKER, nodeId=0] Created data-plane acceptor and processors for endpoint : ListenerName(EXTERNAL)
2025-06-20T11:00:23.358-07:00  INFO 9546 --- [channel-manager] k.s.BrokerToControllerRequestThread      : [broker-0-to-controller-alter-partition-channel-manager]: Starting
2025-06-20T11:00:23.358-07:00  INFO 9546 --- [channel-manager] k.s.BrokerToControllerRequestThread      : [broker-0-to-controller-alter-partition-channel-manager]: Recorded new controller, from now on will use node localhost:53065 (id: 0 rack: null)
2025-06-20T11:00:23.370-07:00  INFO 9546 --- [eaper-0-Produce] perationPurgatory$ExpiredOperationReaper : [ExpirationReaper-0-Produce]: Starting
2025-06-20T11:00:23.370-07:00  INFO 9546 --- [nReaper-0-Fetch] perationPurgatory$ExpiredOperationReaper : [ExpirationReaper-0-Fetch]: Starting
2025-06-20T11:00:23.371-07:00  INFO 9546 --- [0-DeleteRecords] perationPurgatory$ExpiredOperationReaper : [ExpirationReaper-0-DeleteRecords]: Starting
2025-06-20T11:00:23.371-07:00  INFO 9546 --- [r-0-ElectLeader] perationPurgatory$ExpiredOperationReaper : [ExpirationReaper-0-ElectLeader]: Starting
2025-06-20T11:00:23.371-07:00  INFO 9546 --- [r-0-RemoteFetch] perationPurgatory$ExpiredOperationReaper : [ExpirationReaper-0-RemoteFetch]: Starting
2025-06-20T11:00:23.379-07:00  INFO 9546 --- [per-0-Heartbeat] perationPurgatory$ExpiredOperationReaper : [ExpirationReaper-0-Heartbeat]: Starting
2025-06-20T11:00:23.379-07:00  INFO 9546 --- [per-0-Rebalance] perationPurgatory$ExpiredOperationReaper : [ExpirationReaper-0-Rebalance]: Starting
2025-06-20T11:00:23.392-07:00  INFO 9546 --- [channel-manager] k.s.BrokerToControllerRequestThread      : [broker-0-to-controller-heartbeat-channel-manager]: Starting
2025-06-20T11:00:23.392-07:00  INFO 9546 --- [channel-manager] k.s.BrokerToControllerRequestThread      : [broker-0-to-controller-heartbeat-channel-manager]: Recorded new controller, from now on will use node localhost:53065 (id: 0 rack: null)
2025-06-20T11:00:23.393-07:00  INFO 9546 --- [r-event-handler] kafka.server.BrokerLifecycleManager      : [BrokerLifecycleManager id=0] Incarnation QEKY7pIWTIiU-GefLdg-UA of broker 0 in cluster DtNuwSsnRC6xHvNxI8Tbpg is now STARTING.
2025-06-20T11:00:23.401-07:00  INFO 9546 --- [per-0-AlterAcls] perationPurgatory$ExpiredOperationReaper : [ExpirationReaper-0-AlterAcls]: Starting
2025-06-20T11:00:23.408-07:00  INFO 9546 --- [-kit-executor-3] kafka.server.BrokerServer                : [BrokerServer id=0] Waiting for the broker metadata publishers to be installed
2025-06-20T11:00:23.408-07:00  INFO 9546 --- [-kit-executor-3] kafka.server.BrokerServer                : [BrokerServer id=0] Finished waiting for the broker metadata publishers to be installed
2025-06-20T11:00:23.408-07:00  INFO 9546 --- [r-event-handler] o.a.kafka.image.loader.MetadataLoader    : [MetadataLoader id=0] InitializeNewPublishers: initializing BrokerMetadataPublisher with a snapshot at offset 4
2025-06-20T11:00:23.408-07:00  INFO 9546 --- [-kit-executor-3] kafka.server.BrokerServer                : [BrokerServer id=0] Waiting for the controller to acknowledge that we are caught up
2025-06-20T11:00:23.409-07:00  INFO 9546 --- [r-event-handler] k.s.metadata.BrokerMetadataPublisher     : [BrokerMetadataPublisher id=0] Publishing initial metadata at offset OffsetAndEpoch(offset=4, epoch=1) with metadata.version 3.6-IV2.
2025-06-20T11:00:23.409-07:00  INFO 9546 --- [r-event-handler] kafka.log.LogManager                     : Loading logs from log dirs ArraySeq(/var/folders/75/jtzvphp97m3c952tknqr_8th0000gn/T/kafka-5912628426971629695/broker_0_data0)
2025-06-20T11:00:23.410-07:00  INFO 9546 --- [r-event-handler] kafka.log.LogManager                     : No logs found to be loaded in /var/folders/75/jtzvphp97m3c952tknqr_8th0000gn/T/kafka-5912628426971629695/broker_0_data0
2025-06-20T11:00:23.412-07:00  INFO 9546 --- [r-event-handler] kafka.log.LogManager                     : Loaded 0 logs in 2ms
2025-06-20T11:00:23.412-07:00  INFO 9546 --- [r-event-handler] kafka.log.LogManager                     : Starting log cleanup with a period of 300000 ms.
2025-06-20T11:00:23.412-07:00  INFO 9546 --- [r-event-handler] kafka.log.LogManager                     : Starting log flusher with a default period of 9223372036854775807 ms.
2025-06-20T11:00:23.416-07:00  INFO 9546 --- [0-event-handler] o.a.k.controller.ClusterControlManager   : [QuorumController id=0] Replayed initial RegisterBrokerRecord for broker 0: RegisterBrokerRecord(brokerId=0, isMigratingZkBroker=false, incarnationId=QEKY7pIWTIiU-GefLdg-UA, brokerEpoch=5, endPoints=[BrokerEndpoint(name='EXTERNAL', host='localhost', port=53066, securityProtocol=0)], features=[BrokerFeature(name='metadata.version', minSupportedVersion=1, maxSupportedVersion=14)], rack=null, fenced=true, inControlledShutdown=false)
2025-06-20T11:00:23.418-07:00  INFO 9546 --- [r-event-handler] kafka.log.LogCleaner                     : Starting the log cleaner
2025-06-20T11:00:23.420-07:00  INFO 9546 --- [leaner-thread-0] kafka.log.LogCleaner$CleanerThread       : [kafka-log-cleaner-thread-0]: Starting
2025-06-20T11:00:23.420-07:00  INFO 9546 --- [rFailureHandler] k.s.ReplicaManager$LogDirFailureHandler  : [LogDirFailureHandler]: Starting
2025-06-20T11:00:23.421-07:00  INFO 9546 --- [nSenderThread-0] kafka.server.AddPartitionsToTxnManager   : [AddPartitionsToTxnSenderThread-0]: Starting
2025-06-20T11:00:23.421-07:00  INFO 9546 --- [r-event-handler] k.coordinator.group.GroupCoordinator     : [GroupCoordinator 0]: Starting up.
2025-06-20T11:00:23.421-07:00  INFO 9546 --- [r-event-handler] k.coordinator.group.GroupCoordinator     : [GroupCoordinator 0]: Startup complete.
2025-06-20T11:00:23.422-07:00  INFO 9546 --- [r-event-handler] k.c.transaction.TransactionCoordinator   : [TransactionCoordinator id=0] Starting up.
2025-06-20T11:00:23.422-07:00  INFO 9546 --- [r-event-handler] k.c.transaction.TransactionCoordinator   : [TransactionCoordinator id=0] Startup complete.
2025-06-20T11:00:23.422-07:00  INFO 9546 --- [rSenderThread-0] k.c.t.TransactionMarkerChannelManager    : [TxnMarkerSenderThread-0]: Starting
2025-06-20T11:00:23.422-07:00  INFO 9546 --- [r-event-handler] k.s.metadata.BrokerMetadataPublisher     : [BrokerMetadataPublisher id=0] Updating metadata.version to 14 at offset OffsetAndEpoch(offset=4, epoch=1).
2025-06-20T11:00:23.445-07:00  INFO 9546 --- [channel-manager] kafka.server.BrokerLifecycleManager      : [BrokerLifecycleManager id=0] Successfully registered broker 0 with broker epoch 5
2025-06-20T11:00:23.448-07:00  INFO 9546 --- [channel-manager] kafka.server.BrokerLifecycleManager      : [BrokerLifecycleManager id=0] The broker has caught up. Transitioning from STARTING to RECOVERY.
2025-06-20T11:00:23.448-07:00  INFO 9546 --- [-kit-executor-3] kafka.server.BrokerServer                : [BrokerServer id=0] Finished waiting for the controller to acknowledge that we are caught up
2025-06-20T11:00:23.448-07:00  INFO 9546 --- [-kit-executor-3] kafka.server.BrokerServer                : [BrokerServer id=0] Waiting for the initial broker metadata update to be published
2025-06-20T11:00:23.448-07:00  INFO 9546 --- [-kit-executor-3] kafka.server.BrokerServer                : [BrokerServer id=0] Finished waiting for the initial broker metadata update to be published
2025-06-20T11:00:23.449-07:00  INFO 9546 --- [-kit-executor-3] kafka.server.KafkaConfig                 : KafkaConfig values: 
	advertised.listeners = null
	alter.config.policy.class.name = null
	alter.log.dirs.replication.quota.window.num = 11
	alter.log.dirs.replication.quota.window.size.seconds = 1
	authorizer.class.name = 
	auto.create.topics.enable = true
	auto.include.jmx.reporter = true
	auto.leader.rebalance.enable = true
	background.threads = 10
	broker.heartbeat.interval.ms = 2000
	broker.id = 0
	broker.id.generation.enable = true
	broker.rack = null
	broker.session.timeout.ms = 9000
	client.quota.callback.class = null
	compression.type = producer
	connection.failed.authentication.delay.ms = 100
	connections.max.idle.ms = 600000
	connections.max.reauth.ms = 0
	control.plane.listener.name = null
	controlled.shutdown.enable = true
	controlled.shutdown.max.retries = 3
	controlled.shutdown.retry.backoff.ms = 5000
	controller.listener.names = CONTROLLER
	controller.quorum.append.linger.ms = 25
	controller.quorum.election.backoff.max.ms = 1000
	controller.quorum.election.timeout.ms = 1000
	controller.quorum.fetch.timeout.ms = 2000
	controller.quorum.request.timeout.ms = 2000
	controller.quorum.retry.backoff.ms = 20
	controller.quorum.voters = [0@0.0.0.0:0]
	controller.quota.window.num = 11
	controller.quota.window.size.seconds = 1
	controller.socket.timeout.ms = 30000
	create.topic.policy.class.name = null
	default.replication.factor = 1
	delegation.token.expiry.check.interval.ms = 3600000
	delegation.token.expiry.time.ms = 86400000
	delegation.token.master.key = null
	delegation.token.max.lifetime.ms = 604800000
	delegation.token.secret.key = null
	delete.records.purgatory.purge.interval.requests = 1
	delete.topic.enable = true
	early.start.listeners = null
	fetch.max.bytes = 57671680
	fetch.purgatory.purge.interval.requests = 1000
	group.consumer.assignors = [org.apache.kafka.coordinator.group.assignor.RangeAssignor]
	group.consumer.heartbeat.interval.ms = 5000
	group.consumer.max.heartbeat.interval.ms = 15000
	group.consumer.max.session.timeout.ms = 60000
	group.consumer.max.size = 2147483647
	group.consumer.min.heartbeat.interval.ms = 5000
	group.consumer.min.session.timeout.ms = 45000
	group.consumer.session.timeout.ms = 45000
	group.coordinator.new.enable = false
	group.coordinator.threads = 1
	group.initial.rebalance.delay.ms = 0
	group.max.session.timeout.ms = 1800000
	group.max.size = 2147483647
	group.min.session.timeout.ms = 6000
	initial.broker.registration.timeout.ms = 60000
	inter.broker.listener.name = EXTERNAL
	inter.broker.protocol.version = 3.6-IV2
	kafka.metrics.polling.interval.secs = 10
	kafka.metrics.reporters = []
	leader.imbalance.check.interval.seconds = 300
	leader.imbalance.per.broker.percentage = 10
	listener.security.protocol.map = EXTERNAL:PLAINTEXT,CONTROLLER:PLAINTEXT
	listeners = EXTERNAL://localhost:0,CONTROLLER://localhost:0
	log.cleaner.backoff.ms = 15000
	log.cleaner.dedupe.buffer.size = 2097152
	log.cleaner.delete.retention.ms = 86400000
	log.cleaner.enable = true
	log.cleaner.io.buffer.load.factor = 0.9
	log.cleaner.io.buffer.size = 524288
	log.cleaner.io.max.bytes.per.second = 1.7976931348623157E308
	log.cleaner.max.compaction.lag.ms = 9223372036854775807
	log.cleaner.min.cleanable.ratio = 0.5
	log.cleaner.min.compaction.lag.ms = 0
	log.cleaner.threads = 1
	log.cleanup.policy = [delete]
	log.dir = /tmp/kafka-logs
	log.dirs = /var/folders/75/jtzvphp97m3c952tknqr_8th0000gn/T/kafka-5912628426971629695/broker_0_data0
	log.flush.interval.messages = 9223372036854775807
	log.flush.interval.ms = null
	log.flush.offset.checkpoint.interval.ms = 60000
	log.flush.scheduler.interval.ms = 9223372036854775807
	log.flush.start.offset.checkpoint.interval.ms = 60000
	log.index.interval.bytes = 4096
	log.index.size.max.bytes = 10485760
	log.local.retention.bytes = -2
	log.local.retention.ms = -2
	log.message.downconversion.enable = true
	log.message.format.version = 3.0-IV1
	log.message.timestamp.after.max.ms = 9223372036854775807
	log.message.timestamp.before.max.ms = 9223372036854775807
	log.message.timestamp.difference.max.ms = 9223372036854775807
	log.message.timestamp.type = CreateTime
	log.preallocate = false
	log.retention.bytes = -1
	log.retention.check.interval.ms = 300000
	log.retention.hours = 168
	log.retention.minutes = null
	log.retention.ms = null
	log.roll.hours = 168
	log.roll.jitter.hours = 0
	log.roll.jitter.ms = null
	log.roll.ms = null
	log.segment.bytes = 1073741824
	log.segment.delete.delay.ms = 60000
	max.connection.creation.rate = 2147483647
	max.connections = 2147483647
	max.connections.per.ip = 2147483647
	max.connections.per.ip.overrides = 
	max.incremental.fetch.session.cache.slots = 1000
	message.max.bytes = 1048588
	metadata.log.dir = /var/folders/75/jtzvphp97m3c952tknqr_8th0000gn/T/kafka-5912628426971629695/controller_0
	metadata.log.max.record.bytes.between.snapshots = 20971520
	metadata.log.max.snapshot.interval.ms = 3600000
	metadata.log.segment.bytes = 1073741824
	metadata.log.segment.min.bytes = 8388608
	metadata.log.segment.ms = 604800000
	metadata.max.idle.interval.ms = 500
	metadata.max.retention.bytes = 104857600
	metadata.max.retention.ms = 604800000
	metric.reporters = []
	metrics.num.samples = 2
	metrics.recording.level = INFO
	metrics.sample.window.ms = 30000
	min.insync.replicas = 1
	node.id = 0
	num.io.threads = 8
	num.network.threads = 3
	num.partitions = 1
	num.recovery.threads.per.data.dir = 1
	num.replica.alter.log.dirs.threads = null
	num.replica.fetchers = 1
	offset.metadata.max.bytes = 4096
	offsets.commit.required.acks = -1
	offsets.commit.timeout.ms = 5000
	offsets.load.buffer.size = 5242880
	offsets.retention.check.interval.ms = 600000
	offsets.retention.minutes = 10080
	offsets.topic.compression.codec = 0
	offsets.topic.num.partitions = 50
	offsets.topic.replication.factor = 1
	offsets.topic.segment.bytes = 104857600
	password.encoder.cipher.algorithm = AES/CBC/PKCS5Padding
	password.encoder.iterations = 4096
	password.encoder.key.length = 128
	password.encoder.keyfactory.algorithm = null
	password.encoder.old.secret = null
	password.encoder.secret = null
	principal.builder.class = class org.apache.kafka.common.security.authenticator.DefaultKafkaPrincipalBuilder
	process.roles = [broker, controller]
	producer.id.expiration.check.interval.ms = 600000
	producer.id.expiration.ms = 86400000
	producer.purgatory.purge.interval.requests = 1000
	queued.max.request.bytes = -1
	queued.max.requests = 500
	quota.window.num = 11
	quota.window.size.seconds = 1
	remote.log.index.file.cache.total.size.bytes = 1073741824
	remote.log.manager.task.interval.ms = 30000
	remote.log.manager.task.retry.backoff.max.ms = 30000
	remote.log.manager.task.retry.backoff.ms = 500
	remote.log.manager.task.retry.jitter = 0.2
	remote.log.manager.thread.pool.size = 10
	remote.log.metadata.custom.metadata.max.bytes = 128
	remote.log.metadata.manager.class.name = org.apache.kafka.server.log.remote.metadata.storage.TopicBasedRemoteLogMetadataManager
	remote.log.metadata.manager.class.path = null
	remote.log.metadata.manager.impl.prefix = rlmm.config.
	remote.log.metadata.manager.listener.name = null
	remote.log.reader.max.pending.tasks = 100
	remote.log.reader.threads = 10
	remote.log.storage.manager.class.name = null
	remote.log.storage.manager.class.path = null
	remote.log.storage.manager.impl.prefix = rsm.config.
	remote.log.storage.system.enable = false
	replica.fetch.backoff.ms = 1000
	replica.fetch.max.bytes = 1048576
	replica.fetch.min.bytes = 1
	replica.fetch.response.max.bytes = 10485760
	replica.fetch.wait.max.ms = 500
	replica.high.watermark.checkpoint.interval.ms = 5000
	replica.lag.time.max.ms = 30000
	replica.selector.class = null
	replica.socket.receive.buffer.bytes = 65536
	replica.socket.timeout.ms = 30000
	replication.quota.window.num = 11
	replication.quota.window.size.seconds = 1
	request.timeout.ms = 30000
	reserved.broker.max.id = 1000
	sasl.client.callback.handler.class = null
	sasl.enabled.mechanisms = [GSSAPI]
	sasl.jaas.config = null
	sasl.kerberos.kinit.cmd = /usr/bin/kinit
	sasl.kerberos.min.time.before.relogin = 60000
	sasl.kerberos.principal.to.local.rules = [DEFAULT]
	sasl.kerberos.service.name = null
	sasl.kerberos.ticket.renew.jitter = 0.05
	sasl.kerberos.ticket.renew.window.factor = 0.8
	sasl.login.callback.handler.class = null
	sasl.login.class = null
	sasl.login.connect.timeout.ms = null
	sasl.login.read.timeout.ms = null
	sasl.login.refresh.buffer.seconds = 300
	sasl.login.refresh.min.period.seconds = 60
	sasl.login.refresh.window.factor = 0.8
	sasl.login.refresh.window.jitter = 0.05
	sasl.login.retry.backoff.max.ms = 10000
	sasl.login.retry.backoff.ms = 100
	sasl.mechanism.controller.protocol = GSSAPI
	sasl.mechanism.inter.broker.protocol = GSSAPI
	sasl.oauthbearer.clock.skew.seconds = 30
	sasl.oauthbearer.expected.audience = null
	sasl.oauthbearer.expected.issuer = null
	sasl.oauthbearer.jwks.endpoint.refresh.ms = 3600000
	sasl.oauthbearer.jwks.endpoint.retry.backoff.max.ms = 10000
	sasl.oauthbearer.jwks.endpoint.retry.backoff.ms = 100
	sasl.oauthbearer.jwks.endpoint.url = null
	sasl.oauthbearer.scope.claim.name = scope
	sasl.oauthbearer.sub.claim.name = sub
	sasl.oauthbearer.token.endpoint.url = null
	sasl.server.callback.handler.class = null
	sasl.server.max.receive.size = 524288
	security.inter.broker.protocol = PLAINTEXT
	security.providers = null
	server.max.startup.time.ms = 600000
	socket.connection.setup.timeout.max.ms = 30000
	socket.connection.setup.timeout.ms = 10000
	socket.listen.backlog.size = 50
	socket.receive.buffer.bytes = 102400
	socket.request.max.bytes = 104857600
	socket.send.buffer.bytes = 102400
	ssl.cipher.suites = []
	ssl.client.auth = none
	ssl.enabled.protocols = [TLSv1.2, TLSv1.3]
	ssl.endpoint.identification.algorithm = https
	ssl.engine.factory.class = null
	ssl.key.password = null
	ssl.keymanager.algorithm = SunX509
	ssl.keystore.certificate.chain = null
	ssl.keystore.key = null
	ssl.keystore.location = null
	ssl.keystore.password = null
	ssl.keystore.type = JKS
	ssl.principal.mapping.rules = DEFAULT
	ssl.protocol = TLSv1.3
	ssl.provider = null
	ssl.secure.random.implementation = null
	ssl.trustmanager.algorithm = PKIX
	ssl.truststore.certificates = null
	ssl.truststore.location = null
	ssl.truststore.password = null
	ssl.truststore.type = JKS
	transaction.abort.timed.out.transaction.cleanup.interval.ms = 10000
	transaction.max.timeout.ms = 900000
	transaction.partition.verification.enable = true
	transaction.remove.expired.transaction.cleanup.interval.ms = 3600000
	transaction.state.log.load.buffer.size = 5242880
	transaction.state.log.min.isr = 2
	transaction.state.log.num.partitions = 50
	transaction.state.log.replication.factor = 3
	transaction.state.log.segment.bytes = 104857600
	transactional.id.expiration.ms = 604800000
	unclean.leader.election.enable = false
	unstable.api.versions.enable = false
	zookeeper.clientCnxnSocket = null
	zookeeper.connect = null
	zookeeper.connection.timeout.ms = null
	zookeeper.max.in.flight.requests = 10
	zookeeper.metadata.migration.enable = false
	zookeeper.metadata.migration.min.batch.size = 200
	zookeeper.session.timeout.ms = 18000
	zookeeper.set.acl = false
	zookeeper.ssl.cipher.suites = null
	zookeeper.ssl.client.enable = false
	zookeeper.ssl.crl.enable = false
	zookeeper.ssl.enabled.protocols = null
	zookeeper.ssl.endpoint.identification.algorithm = HTTPS
	zookeeper.ssl.keystore.location = null
	zookeeper.ssl.keystore.password = null
	zookeeper.ssl.keystore.type = null
	zookeeper.ssl.ocsp.enable = false
	zookeeper.ssl.protocol = TLSv1.2
	zookeeper.ssl.truststore.location = null
	zookeeper.ssl.truststore.password = null
	zookeeper.ssl.truststore.type = null

2025-06-20T11:00:23.451-07:00  INFO 9546 --- [-kit-executor-3] kafka.server.BrokerServer                : [BrokerServer id=0] Waiting for the broker to be unfenced
2025-06-20T11:00:23.452-07:00  INFO 9546 --- [0-event-handler] o.a.k.controller.BrokerHeartbeatManager  : [QuorumController id=0] The request from broker 0 to unfence has been granted because it has caught up with the offset of its register broker record 5.
2025-06-20T11:00:23.454-07:00  INFO 9546 --- [0-event-handler] o.a.k.controller.ClusterControlManager   : [QuorumController id=0] Replayed BrokerRegistrationChangeRecord modifying the registration for broker 0: BrokerRegistrationChangeRecord(brokerId=0, brokerEpoch=5, fenced=-1, inControlledShutdown=0)
2025-06-20T11:00:23.483-07:00  INFO 9546 --- [channel-manager] kafka.server.BrokerLifecycleManager      : [BrokerLifecycleManager id=0] The broker has been unfenced. Transitioning from RECOVERY to RUNNING.
2025-06-20T11:00:23.483-07:00  INFO 9546 --- [-kit-executor-3] kafka.server.BrokerServer                : [BrokerServer id=0] Finished waiting for the broker to be unfenced
2025-06-20T11:00:23.484-07:00  INFO 9546 --- [-kit-executor-3] o.a.k.s.network.EndpointReadyFutures     : authorizerStart completed for endpoint EXTERNAL. Endpoint is now READY.
2025-06-20T11:00:23.484-07:00  INFO 9546 --- [-kit-executor-3] kafka.network.SocketServer               : [SocketServer listenerType=BROKER, nodeId=0] Enabling request processing.
2025-06-20T11:00:23.484-07:00  INFO 9546 --- [-kit-executor-3] kafka.server.BrokerServer                : [BrokerServer id=0] Waiting for all of the authorizer futures to be completed
2025-06-20T11:00:23.484-07:00  INFO 9546 --- [-kit-executor-3] kafka.server.BrokerServer                : [BrokerServer id=0] Finished waiting for all of the authorizer futures to be completed
2025-06-20T11:00:23.484-07:00  INFO 9546 --- [-kit-executor-3] kafka.server.BrokerServer                : [BrokerServer id=0] Waiting for all of the SocketServer Acceptors to be started
2025-06-20T11:00:23.484-07:00  INFO 9546 --- [-kit-executor-3] kafka.server.BrokerServer                : [BrokerServer id=0] Finished waiting for all of the SocketServer Acceptors to be started
2025-06-20T11:00:23.484-07:00  INFO 9546 --- [-kit-executor-3] kafka.server.BrokerServer                : [BrokerServer id=0] Transition from STARTING to STARTED
2025-06-20T11:00:23.490-07:00  INFO 9546 --- [           main] o.a.k.clients.admin.AdminClientConfig    : AdminClientConfig values: 
	auto.include.jmx.reporter = true
	bootstrap.servers = [localhost:53066]
	client.dns.lookup = use_all_dns_ips
	client.id = 
	connections.max.idle.ms = 300000
	default.api.timeout.ms = 60000
	metadata.max.age.ms = 300000
	metric.reporters = []
	metrics.num.samples = 2
	metrics.recording.level = INFO
	metrics.sample.window.ms = 30000
	receive.buffer.bytes = 65536
	reconnect.backoff.max.ms = 1000
	reconnect.backoff.ms = 50
	request.timeout.ms = 30000
	retries = 2147483647
	retry.backoff.ms = 100
	sasl.client.callback.handler.class = null
	sasl.jaas.config = null
	sasl.kerberos.kinit.cmd = /usr/bin/kinit
	sasl.kerberos.min.time.before.relogin = 60000
	sasl.kerberos.service.name = null
	sasl.kerberos.ticket.renew.jitter = 0.05
	sasl.kerberos.ticket.renew.window.factor = 0.8
	sasl.login.callback.handler.class = null
	sasl.login.class = null
	sasl.login.connect.timeout.ms = null
	sasl.login.read.timeout.ms = null
	sasl.login.refresh.buffer.seconds = 300
	sasl.login.refresh.min.period.seconds = 60
	sasl.login.refresh.window.factor = 0.8
	sasl.login.refresh.window.jitter = 0.05
	sasl.login.retry.backoff.max.ms = 10000
	sasl.login.retry.backoff.ms = 100
	sasl.mechanism = GSSAPI
	sasl.oauthbearer.clock.skew.seconds = 30
	sasl.oauthbearer.expected.audience = null
	sasl.oauthbearer.expected.issuer = null
	sasl.oauthbearer.jwks.endpoint.refresh.ms = 3600000
	sasl.oauthbearer.jwks.endpoint.retry.backoff.max.ms = 10000
	sasl.oauthbearer.jwks.endpoint.retry.backoff.ms = 100
	sasl.oauthbearer.jwks.endpoint.url = null
	sasl.oauthbearer.scope.claim.name = scope
	sasl.oauthbearer.sub.claim.name = sub
	sasl.oauthbearer.token.endpoint.url = null
	security.protocol = PLAINTEXT
	security.providers = null
	send.buffer.bytes = 131072
	socket.connection.setup.timeout.max.ms = 30000
	socket.connection.setup.timeout.ms = 10000
	ssl.cipher.suites = null
	ssl.enabled.protocols = [TLSv1.2, TLSv1.3]
	ssl.endpoint.identification.algorithm = https
	ssl.engine.factory.class = null
	ssl.key.password = null
	ssl.keymanager.algorithm = SunX509
	ssl.keystore.certificate.chain = null
	ssl.keystore.key = null
	ssl.keystore.location = null
	ssl.keystore.password = null
	ssl.keystore.type = JKS
	ssl.protocol = TLSv1.3
	ssl.provider = null
	ssl.secure.random.implementation = null
	ssl.trustmanager.algorithm = PKIX
	ssl.truststore.certificates = null
	ssl.truststore.location = null
	ssl.truststore.password = null
	ssl.truststore.type = JKS

2025-06-20T11:00:23.499-07:00  INFO 9546 --- [           main] o.a.kafka.common.utils.AppInfoParser     : Kafka version: 3.6.2
2025-06-20T11:00:23.499-07:00  INFO 9546 --- [           main] o.a.kafka.common.utils.AppInfoParser     : Kafka commitId: c4deed513057c94e
2025-06-20T11:00:23.499-07:00  INFO 9546 --- [           main] o.a.kafka.common.utils.AppInfoParser     : Kafka startTimeMs: 1750442423499
2025-06-20T11:00:23.501-07:00  INFO 9546 --- [| adminclient-1] o.a.kafka.common.utils.AppInfoParser     : App info kafka.admin.client for adminclient-1 unregistered
2025-06-20T11:00:23.501-07:00  INFO 9546 --- [| adminclient-1] o.a.k.c.a.i.AdminMetadataManager         : [AdminClient clientId=adminclient-1] Metadata update failed

org.apache.kafka.common.errors.TimeoutException: Timed out waiting to send the call. Call: fetchMetadata

2025-06-20T11:00:23.502-07:00  INFO 9546 --- [| adminclient-1] o.a.k.clients.admin.KafkaAdminClient     : [AdminClient clientId=adminclient-1] Timed out 1 remaining operation(s) during close.
2025-06-20T11:00:23.504-07:00  INFO 9546 --- [| adminclient-1] o.apache.kafka.common.metrics.Metrics    : Metrics scheduler closed
2025-06-20T11:00:23.504-07:00  INFO 9546 --- [| adminclient-1] o.apache.kafka.common.metrics.Metrics    : Closing reporter org.apache.kafka.common.metrics.JmxReporter
2025-06-20T11:00:23.504-07:00  INFO 9546 --- [| adminclient-1] o.apache.kafka.common.metrics.Metrics    : Metrics reporters closed
2025-06-20T11:00:23.507-07:00  INFO 9546 --- [           main] com.jpmc.midascore.TaskThreeTests        : Starting TaskThreeTests using Java 22 with PID 9546 (started by blay in /Users/blay/Desktop/blay-forage-midas)
2025-06-20T11:00:23.507-07:00  INFO 9546 --- [           main] com.jpmc.midascore.TaskThreeTests        : No active profile set, falling back to 1 default profile: "default"
2025-06-20T11:00:23.744-07:00  INFO 9546 --- [           main] .s.d.r.c.RepositoryConfigurationDelegate : Bootstrapping Spring Data JPA repositories in DEFAULT mode.
2025-06-20T11:00:23.763-07:00  INFO 9546 --- [           main] .s.d.r.c.RepositoryConfigurationDelegate : Finished Spring Data repository scanning in 16 ms. Found 2 JPA repository interfaces.
2025-06-20T11:00:23.968-07:00  INFO 9546 --- [           main] o.hibernate.jpa.internal.util.LogHelper  : HHH000204: Processing PersistenceUnitInfo [name: default]
2025-06-20T11:00:24.002-07:00  INFO 9546 --- [           main] org.hibernate.Version                    : HHH000412: Hibernate ORM core version 6.4.4.Final
2025-06-20T11:00:24.019-07:00  INFO 9546 --- [           main] o.h.c.internal.RegionFactoryInitiator    : HHH000026: Second-level cache disabled
2025-06-20T11:00:24.125-07:00  INFO 9546 --- [           main] o.s.o.j.p.SpringPersistenceUnitInfo      : No LoadTimeWeaver setup: ignoring JPA class transformer
2025-06-20T11:00:24.137-07:00  INFO 9546 --- [           main] com.zaxxer.hikari.HikariDataSource       : HikariPool-1 - Starting...
2025-06-20T11:00:24.223-07:00  INFO 9546 --- [           main] com.zaxxer.hikari.pool.HikariPool        : HikariPool-1 - Added connection conn0: url=jdbc:h2:mem:testdb user=SA
2025-06-20T11:00:24.224-07:00  INFO 9546 --- [           main] com.zaxxer.hikari.HikariDataSource       : HikariPool-1 - Start completed.
2025-06-20T11:00:24.237-07:00  WARN 9546 --- [           main] org.hibernate.orm.deprecation            : HHH90000025: H2Dialect does not need to be specified explicitly using 'hibernate.dialect' (remove the property setting and it will be selected by default)
2025-06-20T11:00:24.647-07:00  INFO 9546 --- [           main] o.h.e.t.j.p.i.JtaPlatformInitiator       : HHH000489: No JTA platform available (set 'hibernate.transaction.jta.platform' to enable JTA platform integration)
Hibernate: drop table if exists transaction_record cascade 
Hibernate: drop table if exists user_record cascade 
Hibernate: drop sequence if exists user_record_seq
Hibernate: create sequence user_record_seq start with 1 increment by 50
Hibernate: create table transaction_record (amount float(24) not null, id bigint generated by default as identity, recipient_id bigint not null, sender_id bigint not null, primary key (id))
Hibernate: create table user_record (balance float(24) not null, id bigint not null, name varchar(255) not null, primary key (id))
Hibernate: alter table if exists transaction_record add constraint FKss86ywfkf0yh50h4g1sf8wc2r foreign key (recipient_id) references user_record
Hibernate: alter table if exists transaction_record add constraint FKobsbg5y9q54y8psf0yt4mn2ac foreign key (sender_id) references user_record
2025-06-20T11:00:24.665-07:00  INFO 9546 --- [           main] j.LocalContainerEntityManagerFactoryBean : Initialized JPA EntityManagerFactory for persistence unit 'default'
2025-06-20T11:00:24.923-07:00  WARN 9546 --- [           main] JpaBaseConfiguration$JpaWebConfiguration : spring.jpa.open-in-view is enabled by default. Therefore, database queries may be performed during view rendering. Explicitly configure spring.jpa.open-in-view to disable this warning
2025-06-20T11:00:25.035-07:00  INFO 9546 --- [           main] o.s.b.a.h2.H2ConsoleAutoConfiguration    : H2 console available at '/h2-console'. Database available at 'jdbc:h2:mem:testdb'
2025-06-20T11:00:25.092-07:00  INFO 9546 --- [           main] o.a.k.clients.consumer.ConsumerConfig    : ConsumerConfig values: 
	allow.auto.create.topics = true
	auto.commit.interval.ms = 5000
	auto.include.jmx.reporter = true
	auto.offset.reset = earliest
	bootstrap.servers = [localhost:9092]
	check.crcs = true
	client.dns.lookup = use_all_dns_ips
	client.id = consumer-midas-core-group-1
	client.rack = 
	connections.max.idle.ms = 540000
	default.api.timeout.ms = 60000
	enable.auto.commit = false
	exclude.internal.topics = true
	fetch.max.bytes = 52428800
	fetch.max.wait.ms = 500
	fetch.min.bytes = 1
	group.id = midas-core-group
	group.instance.id = null
	heartbeat.interval.ms = 3000
	interceptor.classes = []
	internal.leave.group.on.close = true
	internal.throw.on.fetch.stable.offset.unsupported = false
	isolation.level = read_uncommitted
	key.deserializer = class org.apache.kafka.common.serialization.StringDeserializer
	max.partition.fetch.bytes = 1048576
	max.poll.interval.ms = 300000
	max.poll.records = 500
	metadata.max.age.ms = 300000
	metric.reporters = []
	metrics.num.samples = 2
	metrics.recording.level = INFO
	metrics.sample.window.ms = 30000
	partition.assignment.strategy = [class org.apache.kafka.clients.consumer.RangeAssignor, class org.apache.kafka.clients.consumer.CooperativeStickyAssignor]
	receive.buffer.bytes = 65536
	reconnect.backoff.max.ms = 1000
	reconnect.backoff.ms = 50
	request.timeout.ms = 30000
	retry.backoff.ms = 100
	sasl.client.callback.handler.class = null
	sasl.jaas.config = null
	sasl.kerberos.kinit.cmd = /usr/bin/kinit
	sasl.kerberos.min.time.before.relogin = 60000
	sasl.kerberos.service.name = null
	sasl.kerberos.ticket.renew.jitter = 0.05
	sasl.kerberos.ticket.renew.window.factor = 0.8
	sasl.login.callback.handler.class = null
	sasl.login.class = null
	sasl.login.connect.timeout.ms = null
	sasl.login.read.timeout.ms = null
	sasl.login.refresh.buffer.seconds = 300
	sasl.login.refresh.min.period.seconds = 60
	sasl.login.refresh.window.factor = 0.8
	sasl.login.refresh.window.jitter = 0.05
	sasl.login.retry.backoff.max.ms = 10000
	sasl.login.retry.backoff.ms = 100
	sasl.mechanism = GSSAPI
	sasl.oauthbearer.clock.skew.seconds = 30
	sasl.oauthbearer.expected.audience = null
	sasl.oauthbearer.expected.issuer = null
	sasl.oauthbearer.jwks.endpoint.refresh.ms = 3600000
	sasl.oauthbearer.jwks.endpoint.retry.backoff.max.ms = 10000
	sasl.oauthbearer.jwks.endpoint.retry.backoff.ms = 100
	sasl.oauthbearer.jwks.endpoint.url = null
	sasl.oauthbearer.scope.claim.name = scope
	sasl.oauthbearer.sub.claim.name = sub
	sasl.oauthbearer.token.endpoint.url = null
	security.protocol = PLAINTEXT
	security.providers = null
	send.buffer.bytes = 131072
	session.timeout.ms = 45000
	socket.connection.setup.timeout.max.ms = 30000
	socket.connection.setup.timeout.ms = 10000
	ssl.cipher.suites = null
	ssl.enabled.protocols = [TLSv1.2, TLSv1.3]
	ssl.endpoint.identification.algorithm = https
	ssl.engine.factory.class = null
	ssl.key.password = null
	ssl.keymanager.algorithm = SunX509
	ssl.keystore.certificate.chain = null
	ssl.keystore.key = null
	ssl.keystore.location = null
	ssl.keystore.password = null
	ssl.keystore.type = JKS
	ssl.protocol = TLSv1.3
	ssl.provider = null
	ssl.secure.random.implementation = null
	ssl.trustmanager.algorithm = PKIX
	ssl.truststore.certificates = null
	ssl.truststore.location = null
	ssl.truststore.password = null
	ssl.truststore.type = JKS
	value.deserializer = class org.springframework.kafka.support.serializer.JsonDeserializer

2025-06-20T11:00:25.109-07:00  INFO 9546 --- [           main] o.a.kafka.common.utils.AppInfoParser     : Kafka version: 3.6.2
2025-06-20T11:00:25.109-07:00  INFO 9546 --- [           main] o.a.kafka.common.utils.AppInfoParser     : Kafka commitId: c4deed513057c94e
2025-06-20T11:00:25.109-07:00  INFO 9546 --- [           main] o.a.kafka.common.utils.AppInfoParser     : Kafka startTimeMs: 1750442425109
2025-06-20T11:00:25.109-07:00  INFO 9546 --- [           main] fkaConsumerFactory$ExtendedKafkaConsumer : [Consumer clientId=consumer-midas-core-group-1, groupId=midas-core-group] Subscribed to topic(s): transactions
2025-06-20T11:00:25.118-07:00  INFO 9546 --- [           main] com.jpmc.midascore.TaskThreeTests        : Started TaskThreeTests in 2.496 seconds (process running for 2.987)
2025-06-20T11:00:25.127-07:00  INFO 9546 --- [ntainer#0-0-C-1] org.apache.kafka.clients.Metadata        : [Consumer clientId=consumer-midas-core-group-1, groupId=midas-core-group] Cluster ID: DUY1rlX3TraCf3a8NC4YXg
2025-06-20T11:00:25.127-07:00  INFO 9546 --- [ntainer#0-0-C-1] o.a.k.c.c.internals.ConsumerCoordinator  : [Consumer clientId=consumer-midas-core-group-1, groupId=midas-core-group] Discovered group coordinator localhost:9092 (id: 2147483646 rack: null)
2025-06-20T11:00:25.128-07:00  INFO 9546 --- [ntainer#0-0-C-1] o.a.k.c.c.internals.ConsumerCoordinator  : [Consumer clientId=consumer-midas-core-group-1, groupId=midas-core-group] (Re-)joining group
2025-06-20T11:00:25.149-07:00  INFO 9546 --- [ntainer#0-0-C-1] o.a.k.c.c.internals.ConsumerCoordinator  : [Consumer clientId=consumer-midas-core-group-1, groupId=midas-core-group] Request joining group due to: need to re-join with the given member-id: consumer-midas-core-group-1-e2ac0fa3-dd02-4ed7-a9c9-841aea3c5511
2025-06-20T11:00:25.149-07:00  INFO 9546 --- [ntainer#0-0-C-1] o.a.k.c.c.internals.ConsumerCoordinator  : [Consumer clientId=consumer-midas-core-group-1, groupId=midas-core-group] Request joining group due to: rebalance failed due to 'The group member needs to have a valid member id before actually entering a consumer group.' (MemberIdRequiredException)
2025-06-20T11:00:25.150-07:00  INFO 9546 --- [ntainer#0-0-C-1] o.a.k.c.c.internals.ConsumerCoordinator  : [Consumer clientId=consumer-midas-core-group-1, groupId=midas-core-group] (Re-)joining group
Java HotSpot(TM) 64-Bit Server VM warning: Sharing is only supported for boot loader classes because bootstrap classpath has been appended
WARNING: A Java agent has been loaded dynamically (/Users/blay/.m2/repository/net/bytebuddy/byte-buddy-agent/1.14.13/byte-buddy-agent-1.14.13.jar)
WARNING: If a serviceability tool is in use, please run with -XX:+EnableDynamicAgentLoading to hide this warning
WARNING: If a serviceability tool is not in use, please run with -Djdk.instrument.traceUsage for more information
WARNING: Dynamic loading of agents will be disallowed by default in a future release
Hibernate: select next value for user_record_seq
Hibernate: insert into user_record (balance,name,id) values (?,?,?)
Hibernate: select next value for user_record_seq
Hibernate: insert into user_record (balance,name,id) values (?,?,?)
Hibernate: insert into user_record (balance,name,id) values (?,?,?)
Hibernate: insert into user_record (balance,name,id) values (?,?,?)
Hibernate: insert into user_record (balance,name,id) values (?,?,?)
Hibernate: insert into user_record (balance,name,id) values (?,?,?)
Hibernate: insert into user_record (balance,name,id) values (?,?,?)
Hibernate: insert into user_record (balance,name,id) values (?,?,?)
Hibernate: insert into user_record (balance,name,id) values (?,?,?)
Hibernate: insert into user_record (balance,name,id) values (?,?,?)
Hibernate: insert into user_record (balance,name,id) values (?,?,?)
2025-06-20T11:00:25.461-07:00  INFO 9546 --- [           main] o.a.k.clients.producer.ProducerConfig    : ProducerConfig values: 
	acks = -1
	auto.include.jmx.reporter = true
	batch.size = 16384
	bootstrap.servers = [localhost:9092]
	buffer.memory = 33554432
	client.dns.lookup = use_all_dns_ips
	client.id = producer-1
	compression.type = none
	connections.max.idle.ms = 540000
	delivery.timeout.ms = 120000
	enable.idempotence = true
	interceptor.classes = []
	key.serializer = class org.apache.kafka.common.serialization.StringSerializer
	linger.ms = 0
	max.block.ms = 60000
	max.in.flight.requests.per.connection = 5
	max.request.size = 1048576
	metadata.max.age.ms = 300000
	metadata.max.idle.ms = 300000
	metric.reporters = []
	metrics.num.samples = 2
	metrics.recording.level = INFO
	metrics.sample.window.ms = 30000
	partitioner.adaptive.partitioning.enable = true
	partitioner.availability.timeout.ms = 0
	partitioner.class = null
	partitioner.ignore.keys = false
	receive.buffer.bytes = 32768
	reconnect.backoff.max.ms = 1000
	reconnect.backoff.ms = 50
	request.timeout.ms = 30000
	retries = 2147483647
	retry.backoff.ms = 100
	sasl.client.callback.handler.class = null
	sasl.jaas.config = null
	sasl.kerberos.kinit.cmd = /usr/bin/kinit
	sasl.kerberos.min.time.before.relogin = 60000
	sasl.kerberos.service.name = null
	sasl.kerberos.ticket.renew.jitter = 0.05
	sasl.kerberos.ticket.renew.window.factor = 0.8
	sasl.login.callback.handler.class = null
	sasl.login.class = null
	sasl.login.connect.timeout.ms = null
	sasl.login.read.timeout.ms = null
	sasl.login.refresh.buffer.seconds = 300
	sasl.login.refresh.min.period.seconds = 60
	sasl.login.refresh.window.factor = 0.8
	sasl.login.refresh.window.jitter = 0.05
	sasl.login.retry.backoff.max.ms = 10000
	sasl.login.retry.backoff.ms = 100
	sasl.mechanism = GSSAPI
	sasl.oauthbearer.clock.skew.seconds = 30
	sasl.oauthbearer.expected.audience = null
	sasl.oauthbearer.expected.issuer = null
	sasl.oauthbearer.jwks.endpoint.refresh.ms = 3600000
	sasl.oauthbearer.jwks.endpoint.retry.backoff.max.ms = 10000
	sasl.oauthbearer.jwks.endpoint.retry.backoff.ms = 100
	sasl.oauthbearer.jwks.endpoint.url = null
	sasl.oauthbearer.scope.claim.name = scope
	sasl.oauthbearer.sub.claim.name = sub
	sasl.oauthbearer.token.endpoint.url = null
	security.protocol = PLAINTEXT
	security.providers = null
	send.buffer.bytes = 131072
	socket.connection.setup.timeout.max.ms = 30000
	socket.connection.setup.timeout.ms = 10000
	ssl.cipher.suites = null
	ssl.enabled.protocols = [TLSv1.2, TLSv1.3]
	ssl.endpoint.identification.algorithm = https
	ssl.engine.factory.class = null
	ssl.key.password = null
	ssl.keymanager.algorithm = SunX509
	ssl.keystore.certificate.chain = null
	ssl.keystore.key = null
	ssl.keystore.location = null
	ssl.keystore.password = null
	ssl.keystore.type = JKS
	ssl.protocol = TLSv1.3
	ssl.provider = null
	ssl.secure.random.implementation = null
	ssl.trustmanager.algorithm = PKIX
	ssl.truststore.certificates = null
	ssl.truststore.location = null
	ssl.truststore.password = null
	ssl.truststore.type = JKS
	transaction.timeout.ms = 60000
	transactional.id = null
	value.serializer = class org.springframework.kafka.support.serializer.JsonSerializer

2025-06-20T11:00:25.465-07:00  INFO 9546 --- [           main] o.a.k.clients.producer.KafkaProducer     : [Producer clientId=producer-1] Instantiated an idempotent producer.
2025-06-20T11:00:25.470-07:00  INFO 9546 --- [           main] o.a.kafka.common.utils.AppInfoParser     : Kafka version: 3.6.2
2025-06-20T11:00:25.470-07:00  INFO 9546 --- [           main] o.a.kafka.common.utils.AppInfoParser     : Kafka commitId: c4deed513057c94e
2025-06-20T11:00:25.470-07:00  INFO 9546 --- [           main] o.a.kafka.common.utils.AppInfoParser     : Kafka startTimeMs: 1750442425470
2025-06-20T11:00:25.473-07:00  INFO 9546 --- [ad | producer-1] org.apache.kafka.clients.Metadata        : [Producer clientId=producer-1] Cluster ID: DUY1rlX3TraCf3a8NC4YXg
2025-06-20T11:00:25.474-07:00  INFO 9546 --- [ad | producer-1] o.a.k.c.p.internals.TransactionManager   : [Producer clientId=producer-1] ProducerId set to 1007 with epoch 0
2025-06-20T11:00:25.931-07:00  INFO 9546 --- [ntainer#0-0-C-1] o.a.k.c.c.internals.ConsumerCoordinator  : [Consumer clientId=consumer-midas-core-group-1, groupId=midas-core-group] Successfully joined group with generation Generation{generationId=18, memberId='consumer-midas-core-group-1-e2ac0fa3-dd02-4ed7-a9c9-841aea3c5511', protocol='range'}
2025-06-20T11:00:25.940-07:00  INFO 9546 --- [ntainer#0-0-C-1] o.a.k.c.c.internals.ConsumerCoordinator  : [Consumer clientId=consumer-midas-core-group-1, groupId=midas-core-group] Successfully synced group in generation Generation{generationId=18, memberId='consumer-midas-core-group-1-e2ac0fa3-dd02-4ed7-a9c9-841aea3c5511', protocol='range'}
2025-06-20T11:00:25.942-07:00  INFO 9546 --- [ntainer#0-0-C-1] o.a.k.c.c.internals.ConsumerCoordinator  : [Consumer clientId=consumer-midas-core-group-1, groupId=midas-core-group] Notifying assignor about the new Assignment(partitions=[])
2025-06-20T11:00:25.942-07:00  INFO 9546 --- [ntainer#0-0-C-1] o.a.k.c.c.internals.ConsumerCoordinator  : [Consumer clientId=consumer-midas-core-group-1, groupId=midas-core-group] Adding newly assigned partitions: 
2025-06-20T11:00:25.943-07:00  INFO 9546 --- [ntainer#0-0-C-1] o.s.k.l.KafkaMessageListenerContainer    : midas-core-group: partitions assigned: []
2025-06-20T11:00:27.493-07:00  INFO 9546 --- [           main] com.jpmc.midascore.TaskThreeTests        : ----------------------------------------------------------
2025-06-20T11:00:27.493-07:00  INFO 9546 --- [           main] com.jpmc.midascore.TaskThreeTests        : ----------------------------------------------------------
2025-06-20T11:00:27.493-07:00  INFO 9546 --- [           main] com.jpmc.midascore.TaskThreeTests        : ----------------------------------------------------------
2025-06-20T11:00:27.493-07:00  INFO 9546 --- [           main] com.jpmc.midascore.TaskThreeTests        : use your debugger to find out what waldorf's balance is after all transactions are processed
2025-06-20T11:00:27.493-07:00  INFO 9546 --- [           main] com.jpmc.midascore.TaskThreeTests        : kill this test once you find the answer
2025-06-20T11:00:47.499-07:00  INFO 9546 --- [           main] com.jpmc.midascore.TaskThreeTests        : ...
2025-06-20T11:01:07.502-07:00  INFO 9546 --- [           main] com.jpmc.midascore.TaskThreeTests        : ...
2025-06-20T11:01:27.508-07:00  INFO 9546 --- [           main] com.jpmc.midascore.TaskThreeTests        : ...
2025-06-20T11:01:47.512-07:00  INFO 9546 --- [           main] com.jpmc.midascore.TaskThreeTests        : ...
2025-06-20T11:02:07.517-07:00  INFO 9546 --- [           main] com.jpmc.midascore.TaskThreeTests        : ...
2025-06-20T11:02:27.524-07:00  INFO 9546 --- [           main] com.jpmc.midascore.TaskThreeTests        : ...
2025-06-20T11:02:47.529-07:00  INFO 9546 --- [           main] com.jpmc.midascore.TaskThreeTests        : ...
2025-06-20T11:03:07.533-07:00  INFO 9546 --- [           main] com.jpmc.midascore.TaskThreeTests        : ...
2025-06-20T11:03:27.537-07:00  INFO 9546 --- [           main] com.jpmc.midascore.TaskThreeTests        : ...
2025-06-20T11:03:47.544-07:00  INFO 9546 --- [           main] com.jpmc.midascore.TaskThreeTests        : ...
2025-06-20T11:04:07.548-07:00  INFO 9546 --- [           main] com.jpmc.midascore.TaskThreeTests        : ...
2025-06-20T11:04:27.553-07:00  INFO 9546 --- [           main] com.jpmc.midascore.TaskThreeTests        : ...
2025-06-20T11:04:47.560-07:00  INFO 9546 --- [           main] com.jpmc.midascore.TaskThreeTests        : ...
2025-06-20T11:05:07.577-07:00  INFO 9546 --- [           main] com.jpmc.midascore.TaskThreeTests        : ...
2025-06-20T11:05:27.583-07:00  INFO 9546 --- [           main] com.jpmc.midascore.TaskThreeTests        : ...
2025-06-20T11:05:47.585-07:00  INFO 9546 --- [           main] com.jpmc.midascore.TaskThreeTests        : ...
2025-06-20T11:06:07.588-07:00  INFO 9546 --- [           main] com.jpmc.midascore.TaskThreeTests        : ...
2025-06-20T11:06:27.591-07:00  INFO 9546 --- [           main] com.jpmc.midascore.TaskThreeTests        : ...
2025-06-20T11:06:47.598-07:00  INFO 9546 --- [           main] com.jpmc.midascore.TaskThreeTests        : ...
2025-06-20T11:07:07.602-07:00  INFO 9546 --- [           main] com.jpmc.midascore.TaskThreeTests        : ...
2025-06-20T11:07:27.604-07:00  INFO 9546 --- [           main] com.jpmc.midascore.TaskThreeTests        : ...
2025-06-20T11:07:47.608-07:00  INFO 9546 --- [           main] com.jpmc.midascore.TaskThreeTests        : ...
2025-06-20T11:08:07.614-07:00  INFO 9546 --- [           main] com.jpmc.midascore.TaskThreeTests        : ...
2025-06-20T11:08:27.617-07:00  INFO 9546 --- [           main] com.jpmc.midascore.TaskThreeTests        : ...
2025-06-20T11:08:47.620-07:00  INFO 9546 --- [           main] com.jpmc.midascore.TaskThreeTests        : ...
2025-06-20T11:09:07.625-07:00  INFO 9546 --- [           main] com.jpmc.midascore.TaskThreeTests        : ...
2025-06-20T11:09:25.178-07:00  INFO 9546 --- [ntainer#0-0-C-1] org.apache.kafka.clients.NetworkClient   : [Consumer clientId=consumer-midas-core-group-1, groupId=midas-core-group] Node -1 disconnected.
2025-06-20T11:09:25.493-07:00  INFO 9546 --- [ad | producer-1] org.apache.kafka.clients.NetworkClient   : [Producer clientId=producer-1] Node -1 disconnected.
2025-06-20T11:09:27.628-07:00  INFO 9546 --- [           main] com.jpmc.midascore.TaskThreeTests        : ...
2025-06-20T11:09:47.632-07:00  INFO 9546 --- [           main] com.jpmc.midascore.TaskThreeTests        : ...
2025-06-20T11:10:07.637-07:00  INFO 9546 --- [           main] com.jpmc.midascore.TaskThreeTests        : ...
2025-06-20T11:10:27.642-07:00  INFO 9546 --- [           main] com.jpmc.midascore.TaskThreeTests        : ...
2025-06-20T11:10:47.648-07:00  INFO 9546 --- [           main] com.jpmc.midascore.TaskThreeTests        : ...
2025-06-20T11:11:07.650-07:00  INFO 9546 --- [           main] com.jpmc.midascore.TaskThreeTests        : ...
2025-06-20T11:11:27.654-07:00  INFO 9546 --- [           main] com.jpmc.midascore.TaskThreeTests        : ...
2025-06-20T11:11:47.659-07:00  INFO 9546 --- [           main] com.jpmc.midascore.TaskThreeTests        : ...
2025-06-20T11:12:07.665-07:00  INFO 9546 --- [           main] com.jpmc.midascore.TaskThreeTests        : ...
2025-06-20T11:12:27.666-07:00  INFO 9546 --- [           main] com.jpmc.midascore.TaskThreeTests        : ...
2025-06-20T11:12:47.672-07:00  INFO 9546 --- [           main] com.jpmc.midascore.TaskThreeTests        : ...
2025-06-20T11:13:07.678-07:00  INFO 9546 --- [           main] com.jpmc.midascore.TaskThreeTests        : ...
2025-06-20T11:13:27.679-07:00  INFO 9546 --- [           main] com.jpmc.midascore.TaskThreeTests        : ...
2025-06-20T11:13:47.681-07:00  INFO 9546 --- [           main] com.jpmc.midascore.TaskThreeTests        : ...
2025-06-20T11:14:07.684-07:00  INFO 9546 --- [           main] com.jpmc.midascore.TaskThreeTests        : ...
2025-06-20T11:14:27.685-07:00  INFO 9546 --- [           main] com.jpmc.midascore.TaskThreeTests        : ...
2025-06-20T11:14:47.691-07:00  INFO 9546 --- [           main] com.jpmc.midascore.TaskThreeTests        : ...
2025-06-20T11:15:07.696-07:00  INFO 9546 --- [           main] com.jpmc.midascore.TaskThreeTests        : ...
2025-06-20T11:15:27.707-07:00  INFO 9546 --- [           main] com.jpmc.midascore.TaskThreeTests        : ...
2025-06-20T11:15:47.709-07:00  INFO 9546 --- [           main] com.jpmc.midascore.TaskThreeTests        : ...
2025-06-20T11:16:07.715-07:00  INFO 9546 --- [           main] com.jpmc.midascore.TaskThreeTests        : ...
2025-06-20T11:16:27.721-07:00  INFO 9546 --- [           main] com.jpmc.midascore.TaskThreeTests        : ...
2025-06-20T11:16:47.729-07:00  INFO 9546 --- [           main] com.jpmc.midascore.TaskThreeTests        : ...
2025-06-20T11:17:07.734-07:00  INFO 9546 --- [           main] com.jpmc.midascore.TaskThreeTests        : ...
2025-06-20T11:17:27.745-07:00  INFO 9546 --- [           main] com.jpmc.midascore.TaskThreeTests        : ...
2025-06-20T11:17:47.755-07:00  INFO 9546 --- [           main] com.jpmc.midascore.TaskThreeTests        : ...
2025-06-20T11:18:07.760-07:00  INFO 9546 --- [           main] com.jpmc.midascore.TaskThreeTests        : ...
2025-06-20T11:18:27.764-07:00  INFO 9546 --- [           main] com.jpmc.midascore.TaskThreeTests        : ...
2025-06-20T11:18:38.388-07:00  INFO 9546 --- [ntainer#0-0-C-1] o.a.k.c.c.internals.ConsumerCoordinator  : [Consumer clientId=consumer-midas-core-group-1, groupId=midas-core-group] Request joining group due to: group is already rebalancing
2025-06-20T11:18:38.393-07:00  INFO 9546 --- [ntainer#0-0-C-1] o.a.k.c.c.internals.ConsumerCoordinator  : [Consumer clientId=consumer-midas-core-group-1, groupId=midas-core-group] Revoke previously assigned partitions 
2025-06-20T11:18:38.397-07:00  INFO 9546 --- [ntainer#0-0-C-1] o.s.k.l.KafkaMessageListenerContainer    : midas-core-group: partitions revoked: []
2025-06-20T11:18:38.398-07:00  INFO 9546 --- [ntainer#0-0-C-1] o.a.k.c.c.internals.ConsumerCoordinator  : [Consumer clientId=consumer-midas-core-group-1, groupId=midas-core-group] (Re-)joining group
2025-06-20T11:18:38.422-07:00  INFO 9546 --- [ntainer#0-0-C-1] o.a.k.c.c.internals.ConsumerCoordinator  : [Consumer clientId=consumer-midas-core-group-1, groupId=midas-core-group] Successfully joined group with generation Generation{generationId=19, memberId='consumer-midas-core-group-1-e2ac0fa3-dd02-4ed7-a9c9-841aea3c5511', protocol='range'}
2025-06-20T11:18:38.446-07:00  INFO 9546 --- [ntainer#0-0-C-1] o.a.k.c.c.internals.ConsumerCoordinator  : [Consumer clientId=consumer-midas-core-group-1, groupId=midas-core-group] Successfully synced group in generation Generation{generationId=19, memberId='consumer-midas-core-group-1-e2ac0fa3-dd02-4ed7-a9c9-841aea3c5511', protocol='range'}
2025-06-20T11:18:38.446-07:00  INFO 9546 --- [ntainer#0-0-C-1] o.a.k.c.c.internals.ConsumerCoordinator  : [Consumer clientId=consumer-midas-core-group-1, groupId=midas-core-group] Notifying assignor about the new Assignment(partitions=[])
2025-06-20T11:18:38.446-07:00  INFO 9546 --- [ntainer#0-0-C-1] o.a.k.c.c.internals.ConsumerCoordinator  : [Consumer clientId=consumer-midas-core-group-1, groupId=midas-core-group] Adding newly assigned partitions: 
2025-06-20T11:18:38.447-07:00  INFO 9546 --- [ntainer#0-0-C-1] o.s.k.l.KafkaMessageListenerContainer    : midas-core-group: partitions assigned: []
2025-06-20T11:18:44.425-07:00  INFO 9546 --- [ntainer#0-0-C-1] o.a.k.c.c.internals.ConsumerCoordinator  : [Consumer clientId=consumer-midas-core-group-1, groupId=midas-core-group] Request joining group due to: group is already rebalancing
2025-06-20T11:18:44.425-07:00  INFO 9546 --- [ntainer#0-0-C-1] o.a.k.c.c.internals.ConsumerCoordinator  : [Consumer clientId=consumer-midas-core-group-1, groupId=midas-core-group] Revoke previously assigned partitions 
2025-06-20T11:18:44.425-07:00  INFO 9546 --- [ntainer#0-0-C-1] o.s.k.l.KafkaMessageListenerContainer    : midas-core-group: partitions revoked: []
2025-06-20T11:18:44.425-07:00  INFO 9546 --- [ntainer#0-0-C-1] o.a.k.c.c.internals.ConsumerCoordinator  : [Consumer clientId=consumer-midas-core-group-1, groupId=midas-core-group] (Re-)joining group
2025-06-20T11:18:44.427-07:00  INFO 9546 --- [ntainer#0-0-C-1] o.a.k.c.c.internals.ConsumerCoordinator  : [Consumer clientId=consumer-midas-core-group-1, groupId=midas-core-group] Successfully joined group with generation Generation{generationId=20, memberId='consumer-midas-core-group-1-e2ac0fa3-dd02-4ed7-a9c9-841aea3c5511', protocol='range'}
2025-06-20T11:18:44.453-07:00  INFO 9546 --- [ntainer#0-0-C-1] o.a.k.c.c.internals.ConsumerCoordinator  : [Consumer clientId=consumer-midas-core-group-1, groupId=midas-core-group] Successfully synced group in generation Generation{generationId=20, memberId='consumer-midas-core-group-1-e2ac0fa3-dd02-4ed7-a9c9-841aea3c5511', protocol='range'}
2025-06-20T11:18:44.454-07:00  INFO 9546 --- [ntainer#0-0-C-1] o.a.k.c.c.internals.ConsumerCoordinator  : [Consumer clientId=consumer-midas-core-group-1, groupId=midas-core-group] Notifying assignor about the new Assignment(partitions=[])
2025-06-20T11:18:44.454-07:00  INFO 9546 --- [ntainer#0-0-C-1] o.a.k.c.c.internals.ConsumerCoordinator  : [Consumer clientId=consumer-midas-core-group-1, groupId=midas-core-group] Adding newly assigned partitions: 
2025-06-20T11:18:44.454-07:00  INFO 9546 --- [ntainer#0-0-C-1] o.s.k.l.KafkaMessageListenerContainer    : midas-core-group: partitions assigned: []
2025-06-20T11:18:47.770-07:00  INFO 9546 --- [           main] com.jpmc.midascore.TaskThreeTests        : ...
2025-06-20T11:19:07.771-07:00  INFO 9546 --- [           main] com.jpmc.midascore.TaskThreeTests        : ...
2025-06-20T11:19:27.776-07:00  INFO 9546 --- [           main] com.jpmc.midascore.TaskThreeTests        : ...
2025-06-20T11:19:47.784-07:00  INFO 9546 --- [           main] com.jpmc.midascore.TaskThreeTests        : ...
2025-06-20T11:20:07.791-07:00  INFO 9546 --- [           main] com.jpmc.midascore.TaskThreeTests        : ...
2025-06-20T11:20:27.800-07:00  INFO 9546 --- [           main] com.jpmc.midascore.TaskThreeTests        : ...
2025-06-20T11:20:47.806-07:00  INFO 9546 --- [           main] com.jpmc.midascore.TaskThreeTests        : ...
2025-06-20T11:21:07.811-07:00  INFO 9546 --- [           main] com.jpmc.midascore.TaskThreeTests        : ...
2025-06-20T11:21:27.814-07:00  INFO 9546 --- [           main] com.jpmc.midascore.TaskThreeTests        : ...
2025-06-20T11:21:47.821-07:00  INFO 9546 --- [           main] com.jpmc.midascore.TaskThreeTests        : ...
2025-06-20T11:22:07.824-07:00  INFO 9546 --- [           main] com.jpmc.midascore.TaskThreeTests        : ...
2025-06-20T11:22:27.824-07:00  INFO 9546 --- [           main] com.jpmc.midascore.TaskThreeTests        : ...
2025-06-20T11:22:47.830-07:00  INFO 9546 --- [           main] com.jpmc.midascore.TaskThreeTests        : ...
2025-06-20T11:23:07.835-07:00  INFO 9546 --- [           main] com.jpmc.midascore.TaskThreeTests        : ...
2025-06-20T11:23:27.842-07:00  INFO 9546 --- [           main] com.jpmc.midascore.TaskThreeTests        : ...
2025-06-20T11:23:47.848-07:00  INFO 9546 --- [           main] com.jpmc.midascore.TaskThreeTests        : ...
2025-06-20T11:24:07.853-07:00  INFO 9546 --- [           main] com.jpmc.midascore.TaskThreeTests        : ...
2025-06-20T11:24:27.858-07:00  INFO 9546 --- [           main] com.jpmc.midascore.TaskThreeTests        : ...
2025-06-20T11:24:47.863-07:00  INFO 9546 --- [           main] com.jpmc.midascore.TaskThreeTests        : ...
2025-06-20T11:25:07.868-07:00  INFO 9546 --- [           main] com.jpmc.midascore.TaskThreeTests        : ...
2025-06-20T11:25:27.874-07:00  INFO 9546 --- [           main] com.jpmc.midascore.TaskThreeTests        : ...
2025-06-20T11:25:47.878-07:00  INFO 9546 --- [           main] com.jpmc.midascore.TaskThreeTests        : ...
2025-06-20T11:26:07.884-07:00  INFO 9546 --- [           main] com.jpmc.midascore.TaskThreeTests        : ...
2025-06-20T11:26:27.889-07:00  INFO 9546 --- [           main] com.jpmc.midascore.TaskThreeTests        : ...
2025-06-20T11:26:47.896-07:00  INFO 9546 --- [           main] com.jpmc.midascore.TaskThreeTests        : ...
2025-06-20T11:27:07.901-07:00  INFO 9546 --- [           main] com.jpmc.midascore.TaskThreeTests        : ...
2025-06-20T11:27:27.907-07:00  INFO 9546 --- [           main] com.jpmc.midascore.TaskThreeTests        : ...
2025-06-20T11:27:47.912-07:00  INFO 9546 --- [           main] com.jpmc.midascore.TaskThreeTests        : ...
2025-06-20T11:28:07.918-07:00  INFO 9546 --- [           main] com.jpmc.midascore.TaskThreeTests        : ...
2025-06-20T11:28:27.923-07:00  INFO 9546 --- [           main] com.jpmc.midascore.TaskThreeTests        : ...
2025-06-20T11:28:47.924-07:00  INFO 9546 --- [           main] com.jpmc.midascore.TaskThreeTests        : ...
2025-06-20T11:29:07.932-07:00  INFO 9546 --- [           main] com.jpmc.midascore.TaskThreeTests        : ...
2025-06-20T11:29:27.939-07:00  INFO 9546 --- [           main] com.jpmc.midascore.TaskThreeTests        : ...
2025-06-20T11:29:47.944-07:00  INFO 9546 --- [           main] com.jpmc.midascore.TaskThreeTests        : ...
2025-06-20T11:30:07.948-07:00  INFO 9546 --- [           main] com.jpmc.midascore.TaskThreeTests        : ...
2025-06-20T11:30:27.951-07:00  INFO 9546 --- [           main] com.jpmc.midascore.TaskThreeTests        : ...
2025-06-20T11:30:47.957-07:00  INFO 9546 --- [           main] com.jpmc.midascore.TaskThreeTests        : ...
2025-06-20T11:31:07.964-07:00  INFO 9546 --- [           main] com.jpmc.midascore.TaskThreeTests        : ...
2025-06-20T11:31:27.969-07:00  INFO 9546 --- [           main] com.jpmc.midascore.TaskThreeTests        : ...
2025-06-20T11:31:47.975-07:00  INFO 9546 --- [           main] com.jpmc.midascore.TaskThreeTests        : ...
2025-06-20T11:32:07.978-07:00  INFO 9546 --- [           main] com.jpmc.midascore.TaskThreeTests        : ...
2025-06-20T11:32:27.981-07:00  INFO 9546 --- [           main] com.jpmc.midascore.TaskThreeTests        : ...
2025-06-20T11:32:47.986-07:00  INFO 9546 --- [           main] com.jpmc.midascore.TaskThreeTests        : ...
2025-06-20T11:33:07.993-07:00  INFO 9546 --- [           main] com.jpmc.midascore.TaskThreeTests        : ...
2025-06-20T11:33:28.000-07:00  INFO 9546 --- [           main] com.jpmc.midascore.TaskThreeTests        : ...
2025-06-20T11:33:48.002-07:00  INFO 9546 --- [           main] com.jpmc.midascore.TaskThreeTests        : ...
2025-06-20T11:34:08.008-07:00  INFO 9546 --- [           main] com.jpmc.midascore.TaskThreeTests        : ...
2025-06-20T11:34:28.013-07:00  INFO 9546 --- [           main] com.jpmc.midascore.TaskThreeTests        : ...
2025-06-20T11:34:48.019-07:00  INFO 9546 --- [           main] com.jpmc.midascore.TaskThreeTests        : ...
2025-06-20T11:35:08.021-07:00  INFO 9546 --- [           main] com.jpmc.midascore.TaskThreeTests        : ...
2025-06-20T11:35:28.027-07:00  INFO 9546 --- [           main] com.jpmc.midascore.TaskThreeTests        : ...
2025-06-20T11:35:48.030-07:00  INFO 9546 --- [           main] com.jpmc.midascore.TaskThreeTests        : ...
2025-06-20T11:36:08.033-07:00  INFO 9546 --- [           main] com.jpmc.midascore.TaskThreeTests        : ...
2025-06-20T11:36:28.038-07:00  INFO 9546 --- [           main] com.jpmc.midascore.TaskThreeTests        : ...
2025-06-20T11:36:48.045-07:00  INFO 9546 --- [           main] com.jpmc.midascore.TaskThreeTests        : ...
2025-06-20T11:37:08.050-07:00  INFO 9546 --- [           main] com.jpmc.midascore.TaskThreeTests        : ...
2025-06-20T11:37:28.054-07:00  INFO 9546 --- [           main] com.jpmc.midascore.TaskThreeTests        : ...
2025-06-20T11:37:48.059-07:00  INFO 9546 --- [           main] com.jpmc.midascore.TaskThreeTests        : ...
2025-06-20T11:38:08.064-07:00  INFO 9546 --- [           main] com.jpmc.midascore.TaskThreeTests        : ...
2025-06-20T11:38:28.070-07:00  INFO 9546 --- [           main] com.jpmc.midascore.TaskThreeTests        : ...
2025-06-20T11:38:48.072-07:00  INFO 9546 --- [           main] com.jpmc.midascore.TaskThreeTests        : ...
2025-06-20T11:39:08.073-07:00  INFO 9546 --- [           main] com.jpmc.midascore.TaskThreeTests        : ...
